Archive member included to satisfy reference by file (symbol)

c:/st/stm32cubeide_1.8.0/stm32cubeide/plugins/com.st.stm32cube.ide.mcu.externaltools.gnu-tools-for-stm32.9-2020-q2-update.win32_2.0.0.202105311346/tools/bin/../lib/gcc/arm-none-eabi/9.3.1/../../../../arm-none-eabi/lib/thumb/v7e-m+fp/hard\libc_nano.a(lib_a-exit.o)
                              c:/st/stm32cubeide_1.8.0/stm32cubeide/plugins/com.st.stm32cube.ide.mcu.externaltools.gnu-tools-for-stm32.9-2020-q2-update.win32_2.0.0.202105311346/tools/bin/../lib/gcc/arm-none-eabi/9.3.1/../../../../arm-none-eabi/lib/thumb/v7e-m+fp/hard/crt0.o (exit)
c:/st/stm32cubeide_1.8.0/stm32cubeide/plugins/com.st.stm32cube.ide.mcu.externaltools.gnu-tools-for-stm32.9-2020-q2-update.win32_2.0.0.202105311346/tools/bin/../lib/gcc/arm-none-eabi/9.3.1/../../../../arm-none-eabi/lib/thumb/v7e-m+fp/hard\libc_nano.a(lib_a-impure.o)
                              c:/st/stm32cubeide_1.8.0/stm32cubeide/plugins/com.st.stm32cube.ide.mcu.externaltools.gnu-tools-for-stm32.9-2020-q2-update.win32_2.0.0.202105311346/tools/bin/../lib/gcc/arm-none-eabi/9.3.1/../../../../arm-none-eabi/lib/thumb/v7e-m+fp/hard\libc_nano.a(lib_a-exit.o) (_global_impure_ptr)
c:/st/stm32cubeide_1.8.0/stm32cubeide/plugins/com.st.stm32cube.ide.mcu.externaltools.gnu-tools-for-stm32.9-2020-q2-update.win32_2.0.0.202105311346/tools/bin/../lib/gcc/arm-none-eabi/9.3.1/../../../../arm-none-eabi/lib/thumb/v7e-m+fp/hard\libc_nano.a(lib_a-init.o)
                              c:/st/stm32cubeide_1.8.0/stm32cubeide/plugins/com.st.stm32cube.ide.mcu.externaltools.gnu-tools-for-stm32.9-2020-q2-update.win32_2.0.0.202105311346/tools/bin/../lib/gcc/arm-none-eabi/9.3.1/../../../../arm-none-eabi/lib/thumb/v7e-m+fp/hard/crt0.o (__libc_init_array)
c:/st/stm32cubeide_1.8.0/stm32cubeide/plugins/com.st.stm32cube.ide.mcu.externaltools.gnu-tools-for-stm32.9-2020-q2-update.win32_2.0.0.202105311346/tools/bin/../lib/gcc/arm-none-eabi/9.3.1/../../../../arm-none-eabi/lib/thumb/v7e-m+fp/hard\libc_nano.a(lib_a-memset.o)
                              c:/st/stm32cubeide_1.8.0/stm32cubeide/plugins/com.st.stm32cube.ide.mcu.externaltools.gnu-tools-for-stm32.9-2020-q2-update.win32_2.0.0.202105311346/tools/bin/../lib/gcc/arm-none-eabi/9.3.1/../../../../arm-none-eabi/lib/thumb/v7e-m+fp/hard/crt0.o (memset)
c:/st/stm32cubeide_1.8.0/stm32cubeide/plugins/com.st.stm32cube.ide.mcu.externaltools.gnu-tools-for-stm32.9-2020-q2-update.win32_2.0.0.202105311346/tools/bin/../lib/gcc/arm-none-eabi/9.3.1/../../../../arm-none-eabi/lib/thumb/v7e-m+fp/hard\libnosys.a(_exit.o)
                              c:/st/stm32cubeide_1.8.0/stm32cubeide/plugins/com.st.stm32cube.ide.mcu.externaltools.gnu-tools-for-stm32.9-2020-q2-update.win32_2.0.0.202105311346/tools/bin/../lib/gcc/arm-none-eabi/9.3.1/../../../../arm-none-eabi/lib/thumb/v7e-m+fp/hard\libc_nano.a(lib_a-exit.o) (_exit)

Allocating common symbols
Common symbol       size              file

can_tx_mailbox      0x4               ./Core/Src/can.o
can_rx_header       0x1c              ./Core/Src/can.o
hdma_rx             0x44              ./Core/Src/usart.o
hcan                0x28              ./Core/Src/can.o
uwTick              0x4               ./Drivers/STM32F3xx_HAL_Driver/stm32f3xx_hal.o
pFlash              0x20              ./Drivers/STM32F3xx_HAL_Driver/stm32f3xx_hal_flash.o
hdma_tx             0x44              ./Core/Src/usart.o
can_tx_header       0x18              ./Core/Src/can.o
huart2              0x80              ./Core/Src/usart.o
can_tx              0x4               ./Core/Src/can.o
can_rx              0x4               ./Core/Src/can.o

Discarded input sections

 .text          0x0000000000000000        0x0 c:/st/stm32cubeide_1.8.0/stm32cubeide/plugins/com.st.stm32cube.ide.mcu.externaltools.gnu-tools-for-stm32.9-2020-q2-update.win32_2.0.0.202105311346/tools/bin/../lib/gcc/arm-none-eabi/9.3.1/thumb/v7e-m+fp/hard/crti.o
 .data          0x0000000000000000        0x0 c:/st/stm32cubeide_1.8.0/stm32cubeide/plugins/com.st.stm32cube.ide.mcu.externaltools.gnu-tools-for-stm32.9-2020-q2-update.win32_2.0.0.202105311346/tools/bin/../lib/gcc/arm-none-eabi/9.3.1/thumb/v7e-m+fp/hard/crti.o
 .bss           0x0000000000000000        0x0 c:/st/stm32cubeide_1.8.0/stm32cubeide/plugins/com.st.stm32cube.ide.mcu.externaltools.gnu-tools-for-stm32.9-2020-q2-update.win32_2.0.0.202105311346/tools/bin/../lib/gcc/arm-none-eabi/9.3.1/thumb/v7e-m+fp/hard/crti.o
 .data          0x0000000000000000        0x4 c:/st/stm32cubeide_1.8.0/stm32cubeide/plugins/com.st.stm32cube.ide.mcu.externaltools.gnu-tools-for-stm32.9-2020-q2-update.win32_2.0.0.202105311346/tools/bin/../lib/gcc/arm-none-eabi/9.3.1/thumb/v7e-m+fp/hard/crtbegin.o
 .text          0x0000000000000000       0x7c c:/st/stm32cubeide_1.8.0/stm32cubeide/plugins/com.st.stm32cube.ide.mcu.externaltools.gnu-tools-for-stm32.9-2020-q2-update.win32_2.0.0.202105311346/tools/bin/../lib/gcc/arm-none-eabi/9.3.1/../../../../arm-none-eabi/lib/thumb/v7e-m+fp/hard/crt0.o
[...]
Memory Configuration

Name             Origin             Length             Attributes
FLASH            0x0000000008000000 0x0000000000010000 xr
RAM              0x0000000020000000 0x0000000000003000 xrw
CCMRAM           0x0000000010000000 0x0000000000001000 rw
*default*        0x0000000000000000 0xffffffffffffffff

Linker script and memory map

LOAD c:/st/stm32cubeide_1.8.0/stm32cubeide/plugins/com.st.stm32cube.ide.mcu.externaltools.gnu-tools-for-stm32.9-2020-q2-update.win32_2.0.0.202105311346/tools/bin/../lib/gcc/arm-none-eabi/9.3.1/thumb/v7e-m+fp/hard/crti.o
LOAD c:/st/stm32cubeide_1.8.0/stm32cubeide/plugins/com.st.stm32cube.ide.mcu.externaltools.gnu-tools-for-stm32.9-2020-q2-update.win32_2.0.0.202105311346/tools/bin/../lib/gcc/arm-none-eabi/9.3.1/thumb/v7e-m+fp/hard/crtbegin.o
LOAD c:/st/stm32cubeide_1.8.0/stm32cubeide/plugins/com.st.stm32cube.ide.mcu.externaltools.gnu-tools-for-stm32.9-2020-q2-update.win32_2.0.0.202105311346/tools/bin/../lib/gcc/arm-none-eabi/9.3.1/../../../../arm-none-eabi/lib/thumb/v7e-m+fp/hard/crt0.o
LOAD ./Core/Src/can.o
LOAD ./Core/Src/main.o
LOAD ./Core/Src/param_process_data.o
LOAD ./Core/Src/stm32f3xx_hal_msp.o
LOAD ./Core/Src/stm32f3xx_it.o
LOAD ./Core/Src/usart.o
LOAD ./Core/Startup/startup_stm32f303x8.o
LOAD ./Drivers/BSP/STM32F3xx_Nucleo_32/stm32f3xx_nucleo_32.o
LOAD ./Drivers/CMSIS/system_stm32f3xx.o
LOAD ./Drivers/STM32F3xx_HAL_Driver/stm32f3xx_hal.o
LOAD ./Drivers/STM32F3xx_HAL_Driver/stm32f3xx_hal_adc.o
LOAD ./Drivers/STM32F3xx_HAL_Driver/stm32f3xx_hal_adc_ex.o
LOAD ./Drivers/STM32F3xx_HAL_Driver/stm32f3xx_hal_can.o
LOAD ./Drivers/STM32F3xx_HAL_Driver/stm32f3xx_hal_cec.o
LOAD ./Drivers/STM32F3xx_HAL_Driver/stm32f3xx_hal_comp.o
LOAD ./Drivers/STM32F3xx_HAL_Driver/stm32f3xx_hal_cortex.o
LOAD ./Drivers/STM32F3xx_HAL_Driver/stm32f3xx_hal_crc.o
LOAD ./Drivers/STM32F3xx_HAL_Driver/stm32f3xx_hal_crc_ex.o
LOAD ./Drivers/STM32F3xx_HAL_Driver/stm32f3xx_hal_dac.o
LOAD ./Drivers/STM32F3xx_HAL_Driver/stm32f3xx_hal_dac_ex.o
LOAD ./Drivers/STM32F3xx_HAL_Driver/stm32f3xx_hal_dma.o
LOAD ./Drivers/STM32F3xx_HAL_Driver/stm32f3xx_hal_exti.o
LOAD ./Drivers/STM32F3xx_HAL_Driver/stm32f3xx_hal_flash.o
LOAD ./Drivers/STM32F3xx_HAL_Driver/stm32f3xx_hal_flash_ex.o
LOAD ./Drivers/STM32F3xx_HAL_Driver/stm32f3xx_hal_gpio.o
LOAD ./Drivers/STM32F3xx_HAL_Driver/stm32f3xx_hal_hrtim.o
LOAD ./Drivers/STM32F3xx_HAL_Driver/stm32f3xx_hal_i2c.o
LOAD ./Drivers/STM32F3xx_HAL_Driver/stm32f3xx_hal_i2c_ex.o
LOAD ./Drivers/STM32F3xx_HAL_Driver/stm32f3xx_hal_i2s.o
LOAD ./Drivers/STM32F3xx_HAL_Driver/stm32f3xx_hal_i2s_ex.o
LOAD ./Drivers/STM32F3xx_HAL_Driver/stm32f3xx_hal_irda.o
LOAD ./Drivers/STM32F3xx_HAL_Driver/stm32f3xx_hal_iwdg.o
LOAD ./Drivers/STM32F3xx_HAL_Driver/stm32f3xx_hal_nand.o
LOAD ./Drivers/STM32F3xx_HAL_Driver/stm32f3xx_hal_nor.o
LOAD ./Drivers/STM32F3xx_HAL_Driver/stm32f3xx_hal_opamp.o
LOAD ./Drivers/STM32F3xx_HAL_Driver/stm32f3xx_hal_opamp_ex.o
LOAD ./Drivers/STM32F3xx_HAL_Driver/stm32f3xx_hal_pccard.o
LOAD ./Drivers/STM32F3xx_HAL_Driver/stm32f3xx_hal_pcd.o
LOAD ./Drivers/STM32F3xx_HAL_Driver/stm32f3xx_hal_pcd_ex.o
LOAD ./Drivers/STM32F3xx_HAL_Driver/stm32f3xx_hal_pwr.o
LOAD ./Drivers/STM32F3xx_HAL_Driver/stm32f3xx_hal_pwr_ex.o
LOAD ./Drivers/STM32F3xx_HAL_Driver/stm32f3xx_hal_rcc.o
LOAD ./Drivers/STM32F3xx_HAL_Driver/stm32f3xx_hal_rcc_ex.o
LOAD ./Drivers/STM32F3xx_HAL_Driver/stm32f3xx_hal_rtc.o
LOAD ./Drivers/STM32F3xx_HAL_Driver/stm32f3xx_hal_rtc_ex.o
LOAD ./Drivers/STM32F3xx_HAL_Driver/stm32f3xx_hal_sdadc.o
LOAD ./Drivers/STM32F3xx_HAL_Driver/stm32f3xx_hal_smartcard.o
LOAD ./Drivers/STM32F3xx_HAL_Driver/stm32f3xx_hal_smartcard_ex.o
LOAD ./Drivers/STM32F3xx_HAL_Driver/stm32f3xx_hal_smbus.o
LOAD ./Drivers/STM32F3xx_HAL_Driver/stm32f3xx_hal_spi.o
LOAD ./Drivers/STM32F3xx_HAL_Driver/stm32f3xx_hal_spi_ex.o
LOAD ./Drivers/STM32F3xx_HAL_Driver/stm32f3xx_hal_sram.o
LOAD ./Drivers/STM32F3xx_HAL_Driver/stm32f3xx_hal_tim.o
LOAD ./Drivers/STM32F3xx_HAL_Driver/stm32f3xx_hal_tim_ex.o
LOAD ./Drivers/STM32F3xx_HAL_Driver/stm32f3xx_hal_tsc.o
LOAD ./Drivers/STM32F3xx_HAL_Driver/stm32f3xx_hal_uart.o
LOAD ./Drivers/STM32F3xx_HAL_Driver/stm32f3xx_hal_uart_ex.o
LOAD ./Drivers/STM32F3xx_HAL_Driver/stm32f3xx_hal_usart.o
LOAD ./Drivers/STM32F3xx_HAL_Driver/stm32f3xx_hal_usart_ex.o
LOAD ./Drivers/STM32F3xx_HAL_Driver/stm32f3xx_hal_wwdg.o
LOAD ./Drivers/STM32F3xx_HAL_Driver/stm32f3xx_ll_adc.o
LOAD ./Drivers/STM32F3xx_HAL_Driver/stm32f3xx_ll_comp.o
LOAD ./Drivers/STM32F3xx_HAL_Driver/stm32f3xx_ll_crc.o
LOAD ./Drivers/STM32F3xx_HAL_Driver/stm32f3xx_ll_dac.o
LOAD ./Drivers/STM32F3xx_HAL_Driver/stm32f3xx_ll_dma.o
LOAD ./Drivers/STM32F3xx_HAL_Driver/stm32f3xx_ll_exti.o
LOAD ./Drivers/STM32F3xx_HAL_Driver/stm32f3xx_ll_fmc.o
LOAD ./Drivers/STM32F3xx_HAL_Driver/stm32f3xx_ll_gpio.o
LOAD ./Drivers/STM32F3xx_HAL_Driver/stm32f3xx_ll_hrtim.o
LOAD ./Drivers/STM32F3xx_HAL_Driver/stm32f3xx_ll_i2c.o
LOAD ./Drivers/STM32F3xx_HAL_Driver/stm32f3xx_ll_opamp.o
LOAD ./Drivers/STM32F3xx_HAL_Driver/stm32f3xx_ll_pwr.o
LOAD ./Drivers/STM32F3xx_HAL_Driver/stm32f3xx_ll_rcc.o
LOAD ./Drivers/STM32F3xx_HAL_Driver/stm32f3xx_ll_rtc.o
LOAD ./Drivers/STM32F3xx_HAL_Driver/stm32f3xx_ll_spi.o
LOAD ./Drivers/STM32F3xx_HAL_Driver/stm32f3xx_ll_tim.o
LOAD ./Drivers/STM32F3xx_HAL_Driver/stm32f3xx_ll_usart.o
LOAD ./Drivers/STM32F3xx_HAL_Driver/stm32f3xx_ll_usb.o
LOAD ./Drivers/STM32F3xx_HAL_Driver/stm32f3xx_ll_utils.o
START GROUP
LOAD c:/st/stm32cubeide_1.8.0/stm32cubeide/plugins/com.st.stm32cube.ide.mcu.externaltools.gnu-tools-for-stm32.9-2020-q2-update.win32_2.0.0.202105311346/tools/bin/../lib/gcc/arm-none-eabi/9.3.1/../../../../arm-none-eabi/lib/thumb/v7e-m+fp/hard\libc_nano.a
LOAD c:/st/stm32cubeide_1.8.0/stm32cubeide/plugins/com.st.stm32cube.ide.mcu.externaltools.gnu-tools-for-stm32.9-2020-q2-update.win32_2.0.0.202105311346/tools/bin/../lib/gcc/arm-none-eabi/9.3.1/../../../../arm-none-eabi/lib/thumb/v7e-m+fp/hard\libm.a
END GROUP
START GROUP
LOAD c:/st/stm32cubeide_1.8.0/stm32cubeide/plugins/com.st.stm32cube.ide.mcu.externaltools.gnu-tools-for-stm32.9-2020-q2-update.win32_2.0.0.202105311346/tools/bin/../lib/gcc/arm-none-eabi/9.3.1/thumb/v7e-m+fp/hard\libgcc.a
LOAD c:/st/stm32cubeide_1.8.0/stm32cubeide/plugins/com.st.stm32cube.ide.mcu.externaltools.gnu-tools-for-stm32.9-2020-q2-update.win32_2.0.0.202105311346/tools/bin/../lib/gcc/arm-none-eabi/9.3.1/../../../../arm-none-eabi/lib/thumb/v7e-m+fp/hard\libc_nano.a
END GROUP
START GROUP
LOAD c:/st/stm32cubeide_1.8.0/stm32cubeide/plugins/com.st.stm32cube.ide.mcu.externaltools.gnu-tools-for-stm32.9-2020-q2-update.win32_2.0.0.202105311346/tools/bin/../lib/gcc/arm-none-eabi/9.3.1/thumb/v7e-m+fp/hard\libgcc.a
LOAD c:/st/stm32cubeide_1.8.0/stm32cubeide/plugins/com.st.stm32cube.ide.mcu.externaltools.gnu-tools-for-stm32.9-2020-q2-update.win32_2.0.0.202105311346/tools/bin/../lib/gcc/arm-none-eabi/9.3.1/../../../../arm-none-eabi/lib/thumb/v7e-m+fp/hard\libc_nano.a
LOAD c:/st/stm32cubeide_1.8.0/stm32cubeide/plugins/com.st.stm32cube.ide.mcu.externaltools.gnu-tools-for-stm32.9-2020-q2-update.win32_2.0.0.202105311346/tools/bin/../lib/gcc/arm-none-eabi/9.3.1/../../../../arm-none-eabi/lib/thumb/v7e-m+fp/hard\libnosys.a
END GROUP
START GROUP
LOAD c:/st/stm32cubeide_1.8.0/stm32cubeide/plugins/com.st.stm32cube.ide.mcu.externaltools.gnu-tools-for-stm32.9-2020-q2-update.win32_2.0.0.202105311346/tools/bin/../lib/gcc/arm-none-eabi/9.3.1/thumb/v7e-m+fp/hard\libgcc.a
LOAD c:/st/stm32cubeide_1.8.0/stm32cubeide/plugins/com.st.stm32cube.ide.mcu.externaltools.gnu-tools-for-stm32.9-2020-q2-update.win32_2.0.0.202105311346/tools/bin/../lib/gcc/arm-none-eabi/9.3.1/../../../../arm-none-eabi/lib/thumb/v7e-m+fp/hard\libc_nano.a
LOAD c:/st/stm32cubeide_1.8.0/stm32cubeide/plugins/com.st.stm32cube.ide.mcu.externaltools.gnu-tools-for-stm32.9-2020-q2-update.win32_2.0.0.202105311346/tools/bin/../lib/gcc/arm-none-eabi/9.3.1/../../../../arm-none-eabi/lib/thumb/v7e-m+fp/hard\libnosys.a
END GROUP
LOAD c:/st/stm32cubeide_1.8.0/stm32cubeide/plugins/com.st.stm32cube.ide.mcu.externaltools.gnu-tools-for-stm32.9-2020-q2-update.win32_2.0.0.202105311346/tools/bin/../lib/gcc/arm-none-eabi/9.3.1/thumb/v7e-m+fp/hard/crtend.o
LOAD c:/st/stm32cubeide_1.8.0/stm32cubeide/plugins/com.st.stm32cube.ide.mcu.externaltools.gnu-tools-for-stm32.9-2020-q2-update.win32_2.0.0.202105311346/tools/bin/../lib/gcc/arm-none-eabi/9.3.1/thumb/v7e-m+fp/hard/crtn.o
                0x0000000020003000                _estack = 0x20003000
                0x0000000000000200                _Min_Heap_Size = 0x200
                0x0000000000000400                _Min_Stack_Size = 0x400

.isr_vector     0x0000000008000000      0x188
                0x0000000008000000                . = ALIGN (0x4)
 *(.isr_vector)
 .isr_vector    0x0000000008000000      0x188 ./Core/Startup/startup_stm32f303x8.o
                0x0000000008000000                g_pfnVectors
                0x0000000008000188                . = ALIGN (0x4)

.text           0x0000000008000188     0x1fec
                0x0000000008000188                . = ALIGN (0x4)
 *(.text)
 .text          0x0000000008000188       0x40 c:/st/stm32cubeide_1.8.0/stm32cubeide/plugins/com.st.stm32cube.ide.mcu.externaltools.gnu-tools-for-stm32.9-2020-q2-update.win32_2.0.0.202105311346/tools/bin/../lib/gcc/arm-none-eabi/9.3.1/thumb/v7e-m+fp/hard/crtbegin.o
 *(.text*)
 .text.MX_CAN1_Init
                0x00000000080001c8       0x84 ./Core/Src/can.o
                0x00000000080001c8                MX_CAN1_Init
 .text.HAL_CAN_MspInit
                0x000000000800024c       0x7c ./Core/Src/can.o
                0x000000000800024c                HAL_CAN_MspInit
 .text.HAL_CAN_RxFifo0MsgPendingCallback
                0x00000000080002c8       0xf8 ./Core/Src/can.o
                0x00000000080002c8                HAL_CAN_RxFifo0MsgPendingCallback
 .text.SystemClock_Config
                0x00000000080003c0       0x56 ./Core/Src/main.o
                0x00000000080003c0                SystemClock_Config
 *fill*         0x0000000008000416        0x2 
 .text.startup.main
                0x0000000008000418       0x30 ./Core/Src/main.o
                0x0000000008000418                main
 .text.Error_Handler
                0x0000000008000448        0x2 ./Core/Src/main.o
                0x0000000008000448                Error_Handler
 *fill*         0x000000000800044a        0x2 
 .text.HAL_MspInit
                0x000000000800044c       0x30 ./Core/Src/stm32f3xx_hal_msp.o
                0x000000000800044c                HAL_MspInit
 .text.NMI_Handler
                0x000000000800047c        0x2 ./Core/Src/stm32f3xx_it.o
                0x000000000800047c                NMI_Handler
 .text.HardFault_Handler
                0x000000000800047e        0x2 ./Core/Src/stm32f3xx_it.o
                0x000000000800047e                HardFault_Handler
 .text.MemManage_Handler
                0x0000000008000480        0x2 ./Core/Src/stm32f3xx_it.o
                0x0000000008000480                MemManage_Handler
 .text.BusFault_Handler
                0x0000000008000482        0x2 ./Core/Src/stm32f3xx_it.o
                0x0000000008000482                BusFault_Handler
 .text.UsageFault_Handler
                0x0000000008000484        0x2 ./Core/Src/stm32f3xx_it.o
                0x0000000008000484                UsageFault_Handler
 .text.SVC_Handler
                0x0000000008000486        0x2 ./Core/Src/stm32f3xx_it.o
                0x0000000008000486                SVC_Handler
 .text.DebugMon_Handler
                0x0000000008000488        0x2 ./Core/Src/stm32f3xx_it.o
                0x0000000008000488                DebugMon_Handler
 .text.PendSV_Handler
                0x000000000800048a        0x2 ./Core/Src/stm32f3xx_it.o
                0x000000000800048a                PendSV_Handler
 .text.SysTick_Handler
                0x000000000800048c        0x4 ./Core/Src/stm32f3xx_it.o
                0x000000000800048c                SysTick_Handler
 .text.DMA1_Channel6_IRQHandler
                0x0000000008000490        0xc ./Core/Src/stm32f3xx_it.o
                0x0000000008000490                DMA1_Channel6_IRQHandler
 .text.DMA1_Channel7_IRQHandler
                0x000000000800049c        0xc ./Core/Src/stm32f3xx_it.o
                0x000000000800049c                DMA1_Channel7_IRQHandler
 .text.USART2_IRQHandler
                0x00000000080004a8        0xc ./Core/Src/stm32f3xx_it.o
                0x00000000080004a8                USART2_IRQHandler
 .text.CAN_RX0_IRQHandler
                0x00000000080004b4        0xc ./Core/Src/stm32f3xx_it.o
                0x00000000080004b4                CAN_RX0_IRQHandler
 .text.MX_USART2_UART_Init
                0x00000000080004c0       0x3c ./Core/Src/usart.o
                0x00000000080004c0                MX_USART2_UART_Init
 .text.HAL_UART_MspInit
                0x00000000080004fc      0x108 ./Core/Src/usart.o
                0x00000000080004fc                HAL_UART_MspInit
 .text.HAL_UART_TxCpltCallback
                0x0000000008000604       0x10 ./Core/Src/usart.o
                0x0000000008000604                HAL_UART_TxCpltCallback
 .text.HAL_UART_RxCpltCallback
                0x0000000008000614      0x184 ./Core/Src/usart.o
                0x0000000008000614                HAL_UART_RxCpltCallback
 .text.HAL_UART_ErrorCallback
                0x0000000008000798        0x2 ./Core/Src/usart.o
                0x0000000008000798                HAL_UART_ErrorCallback
 *fill*         0x000000000800079a        0x2 
 .text.Reset_Handler
                0x000000000800079c       0x50 ./Core/Startup/startup_stm32f303x8.o
                0x000000000800079c                Reset_Handler
 .text.Default_Handler
                0x00000000080007ec        0x2 ./Core/Startup/startup_stm32f303x8.o
                0x00000000080007ec                RTC_Alarm_IRQHandler
                0x00000000080007ec                TIM1_CC_IRQHandler
                0x00000000080007ec                PVD_IRQHandler
                0x00000000080007ec                TAMP_STAMP_IRQHandler
                0x00000000080007ec                EXTI3_IRQHandler
                0x00000000080007ec                EXTI0_IRQHandler
                0x00000000080007ec                FPU_IRQHandler
                0x00000000080007ec                CAN_TX_IRQHandler
                0x00000000080007ec                TIM1_UP_TIM16_IRQHandler
                0x00000000080007ec                ADC1_2_IRQHandler
                0x00000000080007ec                SPI1_IRQHandler
                0x00000000080007ec                CAN_SCE_IRQHandler
                0x00000000080007ec                DMA1_Channel4_IRQHandler
                0x00000000080007ec                USART3_IRQHandler
                0x00000000080007ec                TIM7_DAC2_IRQHandler
                0x00000000080007ec                CAN_RX1_IRQHandler
                0x00000000080007ec                I2C1_EV_IRQHandler
                0x00000000080007ec                TIM3_IRQHandler
                0x00000000080007ec                RCC_IRQHandler
                0x00000000080007ec                DMA1_Channel1_IRQHandler
                0x00000000080007ec                Default_Handler
                0x00000000080007ec                EXTI15_10_IRQHandler
                0x00000000080007ec                COMP2_IRQHandler
                0x00000000080007ec                TIM6_DAC1_IRQHandler
                0x00000000080007ec                EXTI9_5_IRQHandler
                0x00000000080007ec                RTC_WKUP_IRQHandler
                0x00000000080007ec                DMA1_Channel5_IRQHandler
                0x00000000080007ec                EXTI4_IRQHandler
                0x00000000080007ec                TIM1_TRG_COM_TIM17_IRQHandler
                0x00000000080007ec                DMA1_Channel3_IRQHandler
                0x00000000080007ec                WWDG_IRQHandler
                0x00000000080007ec                TIM2_IRQHandler
                0x00000000080007ec                EXTI1_IRQHandler
                0x00000000080007ec                COMP4_6_IRQHandler
                0x00000000080007ec                DMA1_Channel2_IRQHandler
                0x00000000080007ec                FLASH_IRQHandler
                0x00000000080007ec                USART1_IRQHandler
                0x00000000080007ec                I2C1_ER_IRQHandler
                0x00000000080007ec                EXTI2_TSC_IRQHandler
                0x00000000080007ec                TIM1_BRK_TIM15_IRQHandler
 *fill*         0x00000000080007ee        0x2 
 .text.BSP_LED_Init
                0x00000000080007f0       0x50 ./Drivers/BSP/STM32F3xx_Nucleo_32/stm32f3xx_nucleo_32.o
                0x00000000080007f0                BSP_LED_Init
 .text.BSP_LED_Toggle
                0x0000000008000840       0x10 ./Drivers/BSP/STM32F3xx_Nucleo_32/stm32f3xx_nucleo_32.o
                0x0000000008000840                BSP_LED_Toggle
 .text.SystemInit
                0x0000000008000850       0x68 ./Drivers/CMSIS/system_stm32f3xx.o
                0x0000000008000850                SystemInit
 .text.HAL_InitTick
                0x00000000080008b8       0x44 ./Drivers/STM32F3xx_HAL_Driver/stm32f3xx_hal.o
                0x00000000080008b8                HAL_InitTick
 .text.HAL_Init
                0x00000000080008fc       0x24 ./Drivers/STM32F3xx_HAL_Driver/stm32f3xx_hal.o
                0x00000000080008fc                HAL_Init
 .text.HAL_IncTick
                0x0000000008000920       0x18 ./Drivers/STM32F3xx_HAL_Driver/stm32f3xx_hal.o
                0x0000000008000920                HAL_IncTick
 .text.HAL_GetTick
                0x0000000008000938        0xc ./Drivers/STM32F3xx_HAL_Driver/stm32f3xx_hal.o
                0x0000000008000938                HAL_GetTick
 .text.HAL_CAN_Init
                0x0000000008000944       0xf6 ./Drivers/STM32F3xx_HAL_Driver/stm32f3xx_hal_can.o
                0x0000000008000944                HAL_CAN_Init
 .text.HAL_CAN_ConfigFilter
                0x0000000008000a3a       0xde ./Drivers/STM32F3xx_HAL_Driver/stm32f3xx_hal_can.o
                0x0000000008000a3a                HAL_CAN_ConfigFilter
 .text.HAL_CAN_Start
                0x0000000008000b18       0x5c ./Drivers/STM32F3xx_HAL_Driver/stm32f3xx_hal_can.o
                0x0000000008000b18                HAL_CAN_Start
 .text.HAL_CAN_AddTxMessage
                0x0000000008000b74       0xa0 ./Drivers/STM32F3xx_HAL_Driver/stm32f3xx_hal_can.o
                0x0000000008000b74                HAL_CAN_AddTxMessage
 .text.HAL_CAN_GetRxMessage
                0x0000000008000c14       0xee ./Drivers/STM32F3xx_HAL_Driver/stm32f3xx_hal_can.o
                0x0000000008000c14                HAL_CAN_GetRxMessage
 .text.HAL_CAN_ActivateNotification
                0x0000000008000d02       0x22 ./Drivers/STM32F3xx_HAL_Driver/stm32f3xx_hal_can.o
                0x0000000008000d02                HAL_CAN_ActivateNotification
 .text.HAL_CAN_TxMailbox0CompleteCallback
                0x0000000008000d24        0x2 ./Drivers/STM32F3xx_HAL_Driver/stm32f3xx_hal_can.o
                0x0000000008000d24                HAL_CAN_TxMailbox0CompleteCallback
 .text.HAL_CAN_TxMailbox1CompleteCallback
                0x0000000008000d26        0x2 ./Drivers/STM32F3xx_HAL_Driver/stm32f3xx_hal_can.o
                0x0000000008000d26                HAL_CAN_TxMailbox1CompleteCallback
 .text.HAL_CAN_TxMailbox2CompleteCallback
                0x0000000008000d28        0x2 ./Drivers/STM32F3xx_HAL_Driver/stm32f3xx_hal_can.o
                0x0000000008000d28                HAL_CAN_TxMailbox2CompleteCallback
 .text.HAL_CAN_TxMailbox0AbortCallback
                0x0000000008000d2a        0x2 ./Drivers/STM32F3xx_HAL_Driver/stm32f3xx_hal_can.o
                0x0000000008000d2a                HAL_CAN_TxMailbox0AbortCallback
 .text.HAL_CAN_TxMailbox1AbortCallback
                0x0000000008000d2c        0x2 ./Drivers/STM32F3xx_HAL_Driver/stm32f3xx_hal_can.o
                0x0000000008000d2c                HAL_CAN_TxMailbox1AbortCallback
 .text.HAL_CAN_TxMailbox2AbortCallback
                0x0000000008000d2e        0x2 ./Drivers/STM32F3xx_HAL_Driver/stm32f3xx_hal_can.o
                0x0000000008000d2e                HAL_CAN_TxMailbox2AbortCallback
 .text.HAL_CAN_RxFifo0FullCallback
                0x0000000008000d30        0x2 ./Drivers/STM32F3xx_HAL_Driver/stm32f3xx_hal_can.o
                0x0000000008000d30                HAL_CAN_RxFifo0FullCallback
 .text.HAL_CAN_RxFifo1MsgPendingCallback
                0x0000000008000d32        0x2 ./Drivers/STM32F3xx_HAL_Driver/stm32f3xx_hal_can.o
                0x0000000008000d32                HAL_CAN_RxFifo1MsgPendingCallback
 .text.HAL_CAN_RxFifo1FullCallback
                0x0000000008000d34        0x2 ./Drivers/STM32F3xx_HAL_Driver/stm32f3xx_hal_can.o
                0x0000000008000d34                HAL_CAN_RxFifo1FullCallback
 .text.HAL_CAN_SleepCallback
                0x0000000008000d36        0x2 ./Drivers/STM32F3xx_HAL_Driver/stm32f3xx_hal_can.o
                0x0000000008000d36                HAL_CAN_SleepCallback
 .text.HAL_CAN_WakeUpFromRxMsgCallback
                0x0000000008000d38        0x2 ./Drivers/STM32F3xx_HAL_Driver/stm32f3xx_hal_can.o
                0x0000000008000d38                HAL_CAN_WakeUpFromRxMsgCallback
 .text.HAL_CAN_ErrorCallback
                0x0000000008000d3a        0x2 ./Drivers/STM32F3xx_HAL_Driver/stm32f3xx_hal_can.o
                0x0000000008000d3a                HAL_CAN_ErrorCallback
 .text.HAL_CAN_IRQHandler
                0x0000000008000d3c      0x1fc ./Drivers/STM32F3xx_HAL_Driver/stm32f3xx_hal_can.o
                0x0000000008000d3c                HAL_CAN_IRQHandler
 .text.HAL_NVIC_SetPriorityGrouping
                0x0000000008000f38       0x24 ./Drivers/STM32F3xx_HAL_Driver/stm32f3xx_hal_cortex.o
                0x0000000008000f38                HAL_NVIC_SetPriorityGrouping
 .text.HAL_NVIC_SetPriority
                0x0000000008000f5c       0x64 ./Drivers/STM32F3xx_HAL_Driver/stm32f3xx_hal_cortex.o
                0x0000000008000f5c                HAL_NVIC_SetPriority
 .text.HAL_NVIC_EnableIRQ
                0x0000000008000fc0       0x1c ./Drivers/STM32F3xx_HAL_Driver/stm32f3xx_hal_cortex.o
                0x0000000008000fc0                HAL_NVIC_EnableIRQ
 .text.HAL_SYSTICK_Config
                0x0000000008000fdc       0x2c ./Drivers/STM32F3xx_HAL_Driver/stm32f3xx_hal_cortex.o
                0x0000000008000fdc                HAL_SYSTICK_Config
 .text.HAL_DMA_Init
                0x0000000008001008       0x5c ./Drivers/STM32F3xx_HAL_Driver/stm32f3xx_hal_dma.o
                0x0000000008001008                HAL_DMA_Init
 .text.HAL_DMA_Abort_IT
                0x0000000008001064       0x42 ./Drivers/STM32F3xx_HAL_Driver/stm32f3xx_hal_dma.o
                0x0000000008001064                HAL_DMA_Abort_IT
 .text.HAL_DMA_IRQHandler
                0x00000000080010a6       0x8c ./Drivers/STM32F3xx_HAL_Driver/stm32f3xx_hal_dma.o
                0x00000000080010a6                HAL_DMA_IRQHandler
 *fill*         0x0000000008001132        0x2 
 .text.HAL_GPIO_Init
                0x0000000008001134      0x174 ./Drivers/STM32F3xx_HAL_Driver/stm32f3xx_hal_gpio.o
                0x0000000008001134                HAL_GPIO_Init
 .text.HAL_GPIO_WritePin
                0x00000000080012a8        0xa ./Drivers/STM32F3xx_HAL_Driver/stm32f3xx_hal_gpio.o
                0x00000000080012a8                HAL_GPIO_WritePin
 .text.HAL_GPIO_TogglePin
                0x00000000080012b2        0xc ./Drivers/STM32F3xx_HAL_Driver/stm32f3xx_hal_gpio.o
                0x00000000080012b2                HAL_GPIO_TogglePin
 *fill*         0x00000000080012be        0x2 
 .text.HAL_RCC_OscConfig
                0x00000000080012c0      0x508 ./Drivers/STM32F3xx_HAL_Driver/stm32f3xx_hal_rcc.o
                0x00000000080012c0                HAL_RCC_OscConfig
 .text.HAL_RCC_GetSysClockFreq
                0x00000000080017c8       0x60 ./Drivers/STM32F3xx_HAL_Driver/stm32f3xx_hal_rcc.o
                0x00000000080017c8                HAL_RCC_GetSysClockFreq
 .text.HAL_RCC_ClockConfig
                0x0000000008001828      0x158 ./Drivers/STM32F3xx_HAL_Driver/stm32f3xx_hal_rcc.o
                0x0000000008001828                HAL_RCC_ClockConfig
 .text.HAL_RCC_GetPCLK1Freq
                0x0000000008001980       0x30 ./Drivers/STM32F3xx_HAL_Driver/stm32f3xx_hal_rcc.o
                0x0000000008001980                HAL_RCC_GetPCLK1Freq
 .text.HAL_RCC_GetPCLK2Freq
                0x00000000080019b0       0x30 ./Drivers/STM32F3xx_HAL_Driver/stm32f3xx_hal_rcc.o
                0x00000000080019b0                HAL_RCC_GetPCLK2Freq
 .text.UART_EndRxTransfer
                0x00000000080019e0       0x1c ./Drivers/STM32F3xx_HAL_Driver/stm32f3xx_hal_uart.o
 .text.UART_TxISR_8BIT
                0x00000000080019fc       0x3a ./Drivers/STM32F3xx_HAL_Driver/stm32f3xx_hal_uart.o
 .text.UART_TxISR_16BIT
                0x0000000008001a36       0x3e ./Drivers/STM32F3xx_HAL_Driver/stm32f3xx_hal_uart.o
 .text.HAL_UART_Transmit_IT
                0x0000000008001a74       0x64 ./Drivers/STM32F3xx_HAL_Driver/stm32f3xx_hal_uart.o
                0x0000000008001a74                HAL_UART_Transmit_IT
 .text.HAL_UART_Receive_IT
                0x0000000008001ad8       0xb0 ./Drivers/STM32F3xx_HAL_Driver/stm32f3xx_hal_uart.o
                0x0000000008001ad8                HAL_UART_Receive_IT
 .text.UART_RxISR_8BIT
                0x0000000008001b88       0x58 ./Drivers/STM32F3xx_HAL_Driver/stm32f3xx_hal_uart.o
 .text.UART_RxISR_16BIT
                0x0000000008001be0       0x54 ./Drivers/STM32F3xx_HAL_Driver/stm32f3xx_hal_uart.o
 .text.HAL_UART_IRQHandler
                0x0000000008001c34      0x148 ./Drivers/STM32F3xx_HAL_Driver/stm32f3xx_hal_uart.o
                0x0000000008001c34                HAL_UART_IRQHandler
 .text.UART_DMAAbortOnError
                0x0000000008001d7c       0x14 ./Drivers/STM32F3xx_HAL_Driver/stm32f3xx_hal_uart.o
 .text.UART_SetConfig
                0x0000000008001d90      0x180 ./Drivers/STM32F3xx_HAL_Driver/stm32f3xx_hal_uart.o
                0x0000000008001d90                UART_SetConfig
 .text.UART_AdvFeatureConfig
                0x0000000008001f10       0xa8 ./Drivers/STM32F3xx_HAL_Driver/stm32f3xx_hal_uart.o
                0x0000000008001f10                UART_AdvFeatureConfig
 .text.UART_WaitOnFlagUntilTimeout
                0x0000000008001fb8       0x8a ./Drivers/STM32F3xx_HAL_Driver/stm32f3xx_hal_uart.o
                0x0000000008001fb8                UART_WaitOnFlagUntilTimeout
 .text.UART_CheckIdleState
                0x0000000008002042       0x62 ./Drivers/STM32F3xx_HAL_Driver/stm32f3xx_hal_uart.o
                0x0000000008002042                UART_CheckIdleState
 .text.HAL_UART_Init
                0x00000000080020a4       0x5c ./Drivers/STM32F3xx_HAL_Driver/stm32f3xx_hal_uart.o
                0x00000000080020a4                HAL_UART_Init
 .text.HAL_UARTEx_WakeupCallback
                0x0000000008002100        0x2 ./Drivers/STM32F3xx_HAL_Driver/stm32f3xx_hal_uart_ex.o
                0x0000000008002100                HAL_UARTEx_WakeupCallback
 *fill*         0x0000000008002102        0x2 
 .text.__libc_init_array
                0x0000000008002104       0x48 c:/st/stm32cubeide_1.8.0/stm32cubeide/plugins/com.st.stm32cube.ide.mcu.externaltools.gnu-tools-for-stm32.9-2020-q2-update.win32_2.0.0.202105311346/tools/bin/../lib/gcc/arm-none-eabi/9.3.1/../../../../arm-none-eabi/lib/thumb/v7e-m+fp/hard\libc_nano.a(lib_a-init.o)
                0x0000000008002104                __libc_init_array
 .text.memset   0x000000000800214c       0x10 c:/st/stm32cubeide_1.8.0/stm32cubeide/plugins/com.st.stm32cube.ide.mcu.externaltools.gnu-tools-for-stm32.9-2020-q2-update.win32_2.0.0.202105311346/tools/bin/../lib/gcc/arm-none-eabi/9.3.1/../../../../arm-none-eabi/lib/thumb/v7e-m+fp/hard\libc_nano.a(lib_a-memset.o)
                0x000000000800214c                memset
 *(.glue_7)
 .glue_7        0x000000000800215c        0x0 linker stubs
 *(.glue_7t)
 .glue_7t       0x000000000800215c        0x0 linker stubs
 *(.eh_frame)
 .eh_frame      0x000000000800215c        0x0 c:/st/stm32cubeide_1.8.0/stm32cubeide/plugins/com.st.stm32cube.ide.mcu.externaltools.gnu-tools-for-stm32.9-2020-q2-update.win32_2.0.0.202105311346/tools/bin/../lib/gcc/arm-none-eabi/9.3.1/thumb/v7e-m+fp/hard/crtbegin.o
 *(.init)
 .init          0x000000000800215c        0x4 c:/st/stm32cubeide_1.8.0/stm32cubeide/plugins/com.st.stm32cube.ide.mcu.externaltools.gnu-tools-for-stm32.9-2020-q2-update.win32_2.0.0.202105311346/tools/bin/../lib/gcc/arm-none-eabi/9.3.1/thumb/v7e-m+fp/hard/crti.o
                0x000000000800215c                _init
 .init          0x0000000008002160        0x8 c:/st/stm32cubeide_1.8.0/stm32cubeide/plugins/com.st.stm32cube.ide.mcu.externaltools.gnu-tools-for-stm32.9-2020-q2-update.win32_2.0.0.202105311346/tools/bin/../lib/gcc/arm-none-eabi/9.3.1/thumb/v7e-m+fp/hard/crtn.o
 *(.fini)
 .fini          0x0000000008002168        0x4 c:/st/stm32cubeide_1.8.0/stm32cubeide/plugins/com.st.stm32cube.ide.mcu.externaltools.gnu-tools-for-stm32.9-2020-q2-update.win32_2.0.0.202105311346/tools/bin/../lib/gcc/arm-none-eabi/9.3.1/thumb/v7e-m+fp/hard/crti.o
                0x0000000008002168                _fini
 .fini          0x000000000800216c        0x8 c:/st/stm32cubeide_1.8.0/stm32cubeide/plugins/com.st.stm32cube.ide.mcu.externaltools.gnu-tools-for-stm32.9-2020-q2-update.win32_2.0.0.202105311346/tools/bin/../lib/gcc/arm-none-eabi/9.3.1/thumb/v7e-m+fp/hard/crtn.o
                0x0000000008002174                . = ALIGN (0x4)
                0x0000000008002174                _etext = .

.vfp11_veneer   0x0000000008002174        0x0
 .vfp11_veneer  0x0000000008002174        0x0 linker stubs

.v4_bx          0x0000000008002174        0x0
 .v4_bx         0x0000000008002174        0x0 linker stubs

.iplt           0x0000000008002174        0x0
 .iplt          0x0000000008002174        0x0 c:/st/stm32cubeide_1.8.0/stm32cubeide/plugins/com.st.stm32cube.ide.mcu.externaltools.gnu-tools-for-stm32.9-2020-q2-update.win32_2.0.0.202105311346/tools/bin/../lib/gcc/arm-none-eabi/9.3.1/thumb/v7e-m+fp/hard/crtbegin.o

.rodata         0x0000000008002174       0x3c
                0x0000000008002174                . = ALIGN (0x4)
 *(.rodata)
 .rodata        0x0000000008002174       0x18 ./Drivers/CMSIS/system_stm32f3xx.o
                0x0000000008002174                AHBPrescTable
                0x0000000008002184                APBPrescTable
 .rodata        0x000000000800218c       0x20 ./Drivers/STM32F3xx_HAL_Driver/stm32f3xx_hal_rcc.o
                0x000000000800218c                aPLLMULFactorTable
                0x000000000800219c                aPredivFactorTable
 .rodata        0x00000000080021ac        0x3 ./Drivers/STM32F3xx_HAL_Driver/stm32f3xx_hal_uart.o
 *(.rodata*)
                0x00000000080021b0                . = ALIGN (0x4)
 *fill*         0x00000000080021af        0x1 

.rel.dyn        0x00000000080021b0        0x0
 .rel.iplt      0x00000000080021b0        0x0 c:/st/stm32cubeide_1.8.0/stm32cubeide/plugins/com.st.stm32cube.ide.mcu.externaltools.gnu-tools-for-stm32.9-2020-q2-update.win32_2.0.0.202105311346/tools/bin/../lib/gcc/arm-none-eabi/9.3.1/thumb/v7e-m+fp/hard/crtbegin.o

.ARM.extab
 *(.ARM.extab* .gnu.linkonce.armextab.*)

.ARM            0x00000000080021b0        0x0
                0x00000000080021b0                __exidx_start = .
 *(.ARM.exidx*)
                0x00000000080021b0                __exidx_end = .

.preinit_array  0x00000000080021b0        0x0
                0x00000000080021b0                PROVIDE (__preinit_array_start = .)
 *(.preinit_array*)
                0x00000000080021b0                PROVIDE (__preinit_array_end = .)

.init_array     0x00000000080021b0        0x4
                0x00000000080021b0                PROVIDE (__init_array_start = .)
 *(SORT_BY_NAME(.init_array.*))
 *(.init_array*)
 .init_array    0x00000000080021b0        0x4 c:/st/stm32cubeide_1.8.0/stm32cubeide/plugins/com.st.stm32cube.ide.mcu.externaltools.gnu-tools-for-stm32.9-2020-q2-update.win32_2.0.0.202105311346/tools/bin/../lib/gcc/arm-none-eabi/9.3.1/thumb/v7e-m+fp/hard/crtbegin.o
                0x00000000080021b4                PROVIDE (__init_array_end = .)

.fini_array     0x00000000080021b4        0x4
                [!provide]                        PROVIDE (__fini_array_start = .)
 *(SORT_BY_NAME(.fini_array.*))
 *(.fini_array*)
 .fini_array    0x00000000080021b4        0x4 c:/st/stm32cubeide_1.8.0/stm32cubeide/plugins/com.st.stm32cube.ide.mcu.externaltools.gnu-tools-for-stm32.9-2020-q2-update.win32_2.0.0.202105311346/tools/bin/../lib/gcc/arm-none-eabi/9.3.1/thumb/v7e-m+fp/hard/crtbegin.o
                [!provide]                        PROVIDE (__fini_array_end = .)
                0x00000000080021b8                _sidata = LOADADDR (.data)

.data           0x0000000020000000       0x10 load address 0x00000000080021b8
                0x0000000020000000                . = ALIGN (0x4)
                0x0000000020000000                _sdata = .
 *(.data)
 .data          0x0000000020000000        0x4 ./Drivers/BSP/STM32F3xx_Nucleo_32/stm32f3xx_nucleo_32.o
                0x0000000020000000                LED_PORT
 .data          0x0000000020000004        0x4 ./Drivers/CMSIS/system_stm32f3xx.o
                0x0000000020000004                SystemCoreClock
 .data          0x0000000020000008        0x8 ./Drivers/STM32F3xx_HAL_Driver/stm32f3xx_hal.o
                0x0000000020000008                uwTickFreq
                0x000000002000000c                uwTickPrio
 *(.data*)
                0x0000000020000010                . = ALIGN (0x4)
                0x0000000020000010                _edata = .
                0x00000000080021c8                _siccmram = LOADADDR (.ccmram)

.igot.plt       0x0000000020000010        0x0 load address 0x00000000080021c8
 .igot.plt      0x0000000020000010        0x0 c:/st/stm32cubeide_1.8.0/stm32cubeide/plugins/com.st.stm32cube.ide.mcu.externaltools.gnu-tools-for-stm32.9-2020-q2-update.win32_2.0.0.202105311346/tools/bin/../lib/gcc/arm-none-eabi/9.3.1/thumb/v7e-m+fp/hard/crtbegin.o

.ccmram         0x0000000010000000        0x0 load address 0x00000000080021c8
                0x0000000010000000                . = ALIGN (0x4)
                0x0000000010000000                _sccmram = .
 *(.ccmram)
 *(.ccmram*)
                0x0000000010000000                . = ALIGN (0x4)
                0x0000000010000000                _eccmram = .
                0x0000000010000000                . = ALIGN (0x4)

.bss            0x0000000020000010      0x1cc
                0x0000000020000010                _sbss = .
                0x0000000020000010                __bss_start__ = _sbss
 *(.bss)
 .bss           0x0000000020000010       0x1c c:/st/stm32cubeide_1.8.0/stm32cubeide/plugins/com.st.stm32cube.ide.mcu.externaltools.gnu-tools-for-stm32.9-2020-q2-update.win32_2.0.0.202105311346/tools/bin/../lib/gcc/arm-none-eabi/9.3.1/thumb/v7e-m+fp/hard/crtbegin.o
 .bss           0x000000002000002c        0xd ./Core/Src/can.o
                0x000000002000002c                can_pdo_rx_cnt
                0x0000000020000030                can_sdo_rx_cnt
                0x0000000020000034                can_inv_rx_cnt
                0x0000000020000038                ubKeyNumber
 *fill*         0x0000000020000039        0x3 
 .bss           0x000000002000003c       0x2a ./Core/Src/usart.o
                0x000000002000003c                usart_tx_msg_cnt
                0x0000000020000040                usart_rx
                0x000000002000004c                usart_rx_msg_cnt
                0x0000000020000050                en_send_can
                0x0000000020000051                usart_rx_chksum_err
                0x0000000020000052                usart_tx
 *(.bss*)
 *(COMMON)
 *fill*         0x0000000020000066        0x2 
 COMMON         0x0000000020000068       0x68 ./Core/Src/can.o
                0x0000000020000068                can_tx_mailbox
                0x000000002000006c                can_rx_header
                0x0000000020000088                hcan
                0x00000000200000b0                can_tx_header
                0x00000000200000c8                can_tx
                0x00000000200000cc                can_rx
 COMMON         0x00000000200000d0      0x108 ./Core/Src/usart.o
                0x00000000200000d0                hdma_rx
                0x0000000020000114                hdma_tx
                0x0000000020000158                huart2
 COMMON         0x00000000200001d8        0x4 ./Drivers/STM32F3xx_HAL_Driver/stm32f3xx_hal.o
                0x00000000200001d8                uwTick
                0x00000000200001dc                . = ALIGN (0x4)
                0x00000000200001dc                _ebss = .
                0x00000000200001dc                __bss_end__ = _ebss

._user_heap_stack
                0x00000000200001dc      0x604
                0x00000000200001e0                . = ALIGN (0x8)
 *fill*         0x00000000200001dc        0x4 
                [!provide]                        PROVIDE (end = .)
                [!provide]                        PROVIDE (_end = .)
                0x00000000200003e0                . = (. + _Min_Heap_Size)
 *fill*         0x00000000200001e0      0x200 
                0x00000000200007e0                . = (. + _Min_Stack_Size)
 *fill*         0x00000000200003e0      0x400 
                0x00000000200007e0                . = ALIGN (0x8)

/DISCARD/
 libc.a(*)
 libm.a(*)
 libgcc.a(*)

.ARM.attributes
                0x0000000000000000       0x30
 *(.ARM.attributes)
 .ARM.attributes
                0x0000000000000000       0x1e c:/st/stm32cubeide_1.8.0/stm32cubeide/plugins/com.st.stm32cube.ide.mcu.externaltools.gnu-tools-for-stm32.9-2020-q2-update.win32_2.0.0.202105311346/tools/bin/../lib/gcc/arm-none-eabi/9.3.1/thumb/v7e-m+fp/hard/crti.o
 .ARM.attributes
                0x000000000000001e       0x34 c:/st/stm32cubeide_1.8.0/stm32cubeide/plugins/com.st.stm32cube.ide.mcu.externaltools.gnu-tools-for-stm32.9-2020-q2-update.win32_2.0.0.202105311346/tools/bin/../lib/gcc/arm-none-eabi/9.3.1/thumb/v7e-m+fp/hard/crtbegin.o
 .ARM.attributes
                0x0000000000000052       0x34 ./Core/Src/can.o
 .ARM.attributes
                0x0000000000000086       0x34 ./Core/Src/main.o
 .ARM.attributes
                0x00000000000000ba       0x34 ./Core/Src/stm32f3xx_hal_msp.o
 .ARM.attributes
                0x00000000000000ee       0x34 ./Core/Src/stm32f3xx_it.o
 .ARM.attributes
                0x0000000000000122       0x34 ./Core/Src/usart.o
 .ARM.attributes
                0x0000000000000156       0x21 ./Core/Startup/startup_stm32f303x8.o
 .ARM.attributes
                0x0000000000000177       0x34 ./Drivers/BSP/STM32F3xx_Nucleo_32/stm32f3xx_nucleo_32.o
 .ARM.attributes
                0x00000000000001ab       0x34 ./Drivers/CMSIS/system_stm32f3xx.o
 .ARM.attributes
                0x00000000000001df       0x34 ./Drivers/STM32F3xx_HAL_Driver/stm32f3xx_hal.o
 .ARM.attributes
                0x0000000000000213       0x34 ./Drivers/STM32F3xx_HAL_Driver/stm32f3xx_hal_can.o
 .ARM.attributes
                0x0000000000000247       0x34 ./Drivers/STM32F3xx_HAL_Driver/stm32f3xx_hal_cortex.o
 .ARM.attributes
                0x000000000000027b       0x34 ./Drivers/STM32F3xx_HAL_Driver/stm32f3xx_hal_dma.o
 .ARM.attributes
                0x00000000000002af       0x34 ./Drivers/STM32F3xx_HAL_Driver/stm32f3xx_hal_gpio.o
 .ARM.attributes
                0x00000000000002e3       0x34 ./Drivers/STM32F3xx_HAL_Driver/stm32f3xx_hal_rcc.o
 .ARM.attributes
                0x0000000000000317       0x34 ./Drivers/STM32F3xx_HAL_Driver/stm32f3xx_hal_uart.o
 .ARM.attributes
                0x000000000000034b       0x34 ./Drivers/STM32F3xx_HAL_Driver/stm32f3xx_hal_uart_ex.o
 .ARM.attributes
                0x000000000000037f       0x34 c:/st/stm32cubeide_1.8.0/stm32cubeide/plugins/com.st.stm32cube.ide.mcu.externaltools.gnu-tools-for-stm32.9-2020-q2-update.win32_2.0.0.202105311346/tools/bin/../lib/gcc/arm-none-eabi/9.3.1/../../../../arm-none-eabi/lib/thumb/v7e-m+fp/hard\libc_nano.a(lib_a-init.o)
 .ARM.attributes
                0x00000000000003b3       0x34 c:/st/stm32cubeide_1.8.0/stm32cubeide/plugins/com.st.stm32cube.ide.mcu.externaltools.gnu-tools-for-stm32.9-2020-q2-update.win32_2.0.0.202105311346/tools/bin/../lib/gcc/arm-none-eabi/9.3.1/../../../../arm-none-eabi/lib/thumb/v7e-m+fp/hard\libc_nano.a(lib_a-memset.o)
 .ARM.attributes
                0x00000000000003e7       0x1e c:/st/stm32cubeide_1.8.0/stm32cubeide/plugins/com.st.stm32cube.ide.mcu.externaltools.gnu-tools-for-stm32.9-2020-q2-update.win32_2.0.0.202105311346/tools/bin/../lib/gcc/arm-none-eabi/9.3.1/thumb/v7e-m+fp/hard/crtn.o
OUTPUT(STM32F303K8_NUCLEO.elf elf32-littlearm)
LOAD linker stubs
LOAD c:/st/stm32cubeide_1.8.0/stm32cubeide/plugins/com.st.stm32cube.ide.mcu.externaltools.gnu-tools-for-stm32.9-2020-q2-update.win32_2.0.0.202105311346/tools/bin/../lib/gcc/arm-none-eabi/9.3.1/../../../../arm-none-eabi/lib/thumb/v7e-m+fp/hard\libc.a
LOAD c:/st/stm32cubeide_1.8.0/stm32cubeide/plugins/com.st.stm32cube.ide.mcu.externaltools.gnu-tools-for-stm32.9-2020-q2-update.win32_2.0.0.202105311346/tools/bin/../lib/gcc/arm-none-eabi/9.3.1/../../../../arm-none-eabi/lib/thumb/v7e-m+fp/hard\libm.a
LOAD c:/st/stm32cubeide_1.8.0/stm32cubeide/plugins/com.st.stm32cube.ide.mcu.externaltools.gnu-tools-for-stm32.9-2020-q2-update.win32_2.0.0.202105311346/tools/bin/../lib/gcc/arm-none-eabi/9.3.1/thumb/v7e-m+fp/hard\libgcc.a

.debug_info     0x0000000000000000     0xe973
 .debug_info    0x0000000000000000     0x1d2c ./Core/Src/can.o
 .debug_info    0x0000000000001d2c     0x167d ./Core/Src/main.o
 .debug_info    0x00000000000033a9      0xd81 ./Core/Src/stm32f3xx_hal_msp.o
 .debug_info    0x000000000000412a      0xdbb ./Core/Src/stm32f3xx_it.o
 .debug_info    0x0000000000004ee5     0x1456 ./Core/Src/usart.o
 .debug_info    0x000000000000633b       0x22 ./Core/Startup/startup_stm32f303x8.o
 .debug_info    0x000000000000635d      0x57f ./Drivers/BSP/STM32F3xx_Nucleo_32/stm32f3xx_nucleo_32.o
 .debug_info    0x00000000000068dc      0x4ae ./Drivers/CMSIS/system_stm32f3xx.o
 .debug_info    0x0000000000006d8a      0x8b2 ./Drivers/STM32F3xx_HAL_Driver/stm32f3xx_hal.o
 .debug_info    0x000000000000763c     0x12e5 ./Drivers/STM32F3xx_HAL_Driver/stm32f3xx_hal_can.o
 .debug_info    0x0000000000008921      0xe3e ./Drivers/STM32F3xx_HAL_Driver/stm32f3xx_hal_cortex.o
 .debug_info    0x000000000000975f      0x99d ./Drivers/STM32F3xx_HAL_Driver/stm32f3xx_hal_dma.o
 .debug_info    0x000000000000a0fc      0x85e ./Drivers/STM32F3xx_HAL_Driver/stm32f3xx_hal_gpio.o
 .debug_info    0x000000000000a95a     0x165e ./Drivers/STM32F3xx_HAL_Driver/stm32f3xx_hal_rcc.o
 .debug_info    0x000000000000bfb8     0x1f5a ./Drivers/STM32F3xx_HAL_Driver/stm32f3xx_hal_uart.o
 .debug_info    0x000000000000df12      0xa61 ./Drivers/STM32F3xx_HAL_Driver/stm32f3xx_hal_uart_ex.o

.debug_abbrev   0x0000000000000000     0x2623
 .debug_abbrev  0x0000000000000000      0x2db ./Core/Src/can.o
 .debug_abbrev  0x00000000000002db      0x2c8 ./Core/Src/main.o
 .debug_abbrev  0x00000000000005a3      0x1ae ./Core/Src/stm32f3xx_hal_msp.o
 .debug_abbrev  0x0000000000000751      0x1fc ./Core/Src/stm32f3xx_it.o
 .debug_abbrev  0x000000000000094d      0x2b0 ./Core/Src/usart.o
 .debug_abbrev  0x0000000000000bfd       0x12 ./Core/Startup/startup_stm32f303x8.o
 .debug_abbrev  0x0000000000000c0f      0x1e9 ./Drivers/BSP/STM32F3xx_Nucleo_32/stm32f3xx_nucleo_32.o
 .debug_abbrev  0x0000000000000df8      0x14b ./Drivers/CMSIS/system_stm32f3xx.o
 .debug_abbrev  0x0000000000000f43      0x27e ./Drivers/STM32F3xx_HAL_Driver/stm32f3xx_hal.o
 .debug_abbrev  0x00000000000011c1      0x2f0 ./Drivers/STM32F3xx_HAL_Driver/stm32f3xx_hal_can.o
 .debug_abbrev  0x00000000000014b1      0x36f ./Drivers/STM32F3xx_HAL_Driver/stm32f3xx_hal_cortex.o
 .debug_abbrev  0x0000000000001820      0x2a3 ./Drivers/STM32F3xx_HAL_Driver/stm32f3xx_hal_dma.o
 .debug_abbrev  0x0000000000001ac3      0x214 ./Drivers/STM32F3xx_HAL_Driver/stm32f3xx_hal_gpio.o
 .debug_abbrev  0x0000000000001cd7      0x34c ./Drivers/STM32F3xx_HAL_Driver/stm32f3xx_hal_rcc.o
 .debug_abbrev  0x0000000000002023      0x37b ./Drivers/STM32F3xx_HAL_Driver/stm32f3xx_hal_uart.o
 .debug_abbrev  0x000000000000239e      0x285 ./Drivers/STM32F3xx_HAL_Driver/stm32f3xx_hal_uart_ex.o

.debug_loc      0x0000000000000000     0x5844
 .debug_loc     0x0000000000000000      0x167 ./Core/Src/can.o
 .debug_loc     0x0000000000000167      0xebf ./Core/Src/usart.o
 .debug_loc     0x0000000000001026       0x94 ./Drivers/BSP/STM32F3xx_Nucleo_32/stm32f3xx_nucleo_32.o
 .debug_loc     0x00000000000010ba       0xfe ./Drivers/CMSIS/system_stm32f3xx.o
 .debug_loc     0x00000000000011b8      0x139 ./Drivers/STM32F3xx_HAL_Driver/stm32f3xx_hal.o
 .debug_loc     0x00000000000012f1      0xc53 ./Drivers/STM32F3xx_HAL_Driver/stm32f3xx_hal_can.o
 .debug_loc     0x0000000000001f44      0x5ae ./Drivers/STM32F3xx_HAL_Driver/stm32f3xx_hal_cortex.o
 .debug_loc     0x00000000000024f2      0x723 ./Drivers/STM32F3xx_HAL_Driver/stm32f3xx_hal_dma.o
 .debug_loc     0x0000000000002c15      0x2f4 ./Drivers/STM32F3xx_HAL_Driver/stm32f3xx_hal_gpio.o
 .debug_loc     0x0000000000002f09      0xd80 ./Drivers/STM32F3xx_HAL_Driver/stm32f3xx_hal_rcc.o
 .debug_loc     0x0000000000003c89     0x1897 ./Drivers/STM32F3xx_HAL_Driver/stm32f3xx_hal_uart.o
 .debug_loc     0x0000000000005520      0x324 ./Drivers/STM32F3xx_HAL_Driver/stm32f3xx_hal_uart_ex.o

.debug_aranges  0x0000000000000000      0x750
 .debug_aranges
                0x0000000000000000       0x38 ./Core/Src/can.o
 .debug_aranges
                0x0000000000000038       0x30 ./Core/Src/main.o
 .debug_aranges
                0x0000000000000068       0x20 ./Core/Src/stm32f3xx_hal_msp.o
 .debug_aranges
                0x0000000000000088       0x68 ./Core/Src/stm32f3xx_it.o
 .debug_aranges
                0x00000000000000f0       0x48 ./Core/Src/usart.o
 .debug_aranges
                0x0000000000000138       0x28 ./Core/Startup/startup_stm32f303x8.o
 .debug_aranges
                0x0000000000000160       0x40 ./Drivers/BSP/STM32F3xx_Nucleo_32/stm32f3xx_nucleo_32.o
 .debug_aranges
                0x00000000000001a0       0x28 ./Drivers/CMSIS/system_stm32f3xx.o
 .debug_aranges
                0x00000000000001c8       0xd8 ./Drivers/STM32F3xx_HAL_Driver/stm32f3xx_hal.o
 .debug_aranges
                0x00000000000002a0       0xc8 ./Drivers/STM32F3xx_HAL_Driver/stm32f3xx_hal_can.o
 .debug_aranges
                0x0000000000000368       0x90 ./Drivers/STM32F3xx_HAL_Driver/stm32f3xx_hal_cortex.o
 .debug_aranges
                0x00000000000003f8       0x78 ./Drivers/STM32F3xx_HAL_Driver/stm32f3xx_hal_dma.o
 .debug_aranges
                0x0000000000000470       0x58 ./Drivers/STM32F3xx_HAL_Driver/stm32f3xx_hal_gpio.o
 .debug_aranges
                0x00000000000004c8       0x88 ./Drivers/STM32F3xx_HAL_Driver/stm32f3xx_hal_rcc.o
 .debug_aranges
                0x0000000000000550      0x1b8 ./Drivers/STM32F3xx_HAL_Driver/stm32f3xx_hal_uart.o
 .debug_aranges
                0x0000000000000708       0x48 ./Drivers/STM32F3xx_HAL_Driver/stm32f3xx_hal_uart_ex.o

.debug_ranges   0x0000000000000000      0x9c0
 .debug_ranges  0x0000000000000000       0x60 ./Core/Src/can.o
 .debug_ranges  0x0000000000000060       0x20 ./Core/Src/main.o
 .debug_ranges  0x0000000000000080       0x28 ./Core/Src/stm32f3xx_hal_msp.o
 .debug_ranges  0x00000000000000a8       0x58 ./Core/Src/stm32f3xx_it.o
 .debug_ranges  0x0000000000000100       0x78 ./Core/Src/usart.o
 .debug_ranges  0x0000000000000178       0x20 ./Core/Startup/startup_stm32f303x8.o
 .debug_ranges  0x0000000000000198       0x58 ./Drivers/BSP/STM32F3xx_Nucleo_32/stm32f3xx_nucleo_32.o
 .debug_ranges  0x00000000000001f0       0x18 ./Drivers/CMSIS/system_stm32f3xx.o
 .debug_ranges  0x0000000000000208       0xc8 ./Drivers/STM32F3xx_HAL_Driver/stm32f3xx_hal.o
 .debug_ranges  0x00000000000002d0       0xb8 ./Drivers/STM32F3xx_HAL_Driver/stm32f3xx_hal_can.o
 .debug_ranges  0x0000000000000388      0x138 ./Drivers/STM32F3xx_HAL_Driver/stm32f3xx_hal_cortex.o
 .debug_ranges  0x00000000000004c0       0xb8 ./Drivers/STM32F3xx_HAL_Driver/stm32f3xx_hal_dma.o
 .debug_ranges  0x0000000000000578       0x68 ./Drivers/STM32F3xx_HAL_Driver/stm32f3xx_hal_gpio.o
 .debug_ranges  0x00000000000005e0      0x1d0 ./Drivers/STM32F3xx_HAL_Driver/stm32f3xx_hal_rcc.o
 .debug_ranges  0x00000000000007b0      0x1c0 ./Drivers/STM32F3xx_HAL_Driver/stm32f3xx_hal_uart.o
 .debug_ranges  0x0000000000000970       0x50 ./Drivers/STM32F3xx_HAL_Driver/stm32f3xx_hal_uart_ex.o

.debug_macro    0x0000000000000000    0x177ed
 .debug_macro   0x0000000000000000      0x2a1 ./Core/Src/can.o
 .debug_macro   0x00000000000002a1      0xaae ./Core/Src/can.o
 .debug_macro   0x0000000000000d4f      0x157 ./Core/Src/can.o
 .debug_macro   0x0000000000000ea6       0x2e ./Core/Src/can.o
 .debug_macro   0x0000000000000ed4       0x28 ./Core/Src/can.o
 .debug_macro   0x0000000000000efc       0x22 ./Core/Src/can.o
 .debug_macro   0x0000000000000f1e       0x8e ./Core/Src/can.o
 .debug_macro   0x0000000000000fac       0x51 ./Core/Src/can.o
 .debug_macro   0x0000000000000ffd      0x103 ./Core/Src/can.o
 .debug_macro   0x0000000000001100       0x6a ./Core/Src/can.o
 .debug_macro   0x000000000000116a      0x1df ./Core/Src/can.o
 .debug_macro   0x0000000000001349       0x1c ./Core/Src/can.o
 .debug_macro   0x0000000000001365       0x22 ./Core/Src/can.o
 .debug_macro   0x0000000000001387       0xdf ./Core/Src/can.o
 .debug_macro   0x0000000000001466      0xf07 ./Core/Src/can.o
 .debug_macro   0x000000000000236d    0x10bd9 ./Core/Src/can.o
 .debug_macro   0x0000000000012f46       0x43 ./Core/Src/can.o
 .debug_macro   0x0000000000012f89      0x174 ./Core/Src/can.o
 .debug_macro   0x00000000000130fd       0x53 ./Core/Src/can.o
 .debug_macro   0x0000000000013150      0x8f9 ./Core/Src/can.o
 .debug_macro   0x0000000000013a49      0x304 ./Core/Src/can.o
 .debug_macro   0x0000000000013d4d      0x12f ./Core/Src/can.o
 .debug_macro   0x0000000000013e7c      0x11b ./Core/Src/can.o
 .debug_macro   0x0000000000013f97      0x1d5 ./Core/Src/can.o
 .debug_macro   0x000000000001416c      0x1bc ./Core/Src/can.o
 .debug_macro   0x0000000000014328       0x34 ./Core/Src/can.o
 .debug_macro   0x000000000001435c       0x3c ./Core/Src/can.o
 .debug_macro   0x0000000000014398       0x57 ./Core/Src/can.o
 .debug_macro   0x00000000000143ef      0x408 ./Core/Src/can.o
 .debug_macro   0x00000000000147f7       0xc5 ./Core/Src/can.o
 .debug_macro   0x00000000000148bc      0x19f ./Core/Src/can.o
 .debug_macro   0x0000000000014a5b       0x81 ./Core/Src/can.o
 .debug_macro   0x0000000000014adc       0xd3 ./Core/Src/can.o
 .debug_macro   0x0000000000014baf      0x589 ./Core/Src/can.o
 .debug_macro   0x0000000000015138       0x44 ./Core/Src/can.o
 .debug_macro   0x000000000001517c      0x285 ./Core/Src/can.o
 .debug_macro   0x0000000000015401       0x3b ./Core/Src/can.o
 .debug_macro   0x000000000001543c       0xb2 ./Core/Src/can.o
 .debug_macro   0x00000000000154ee       0xc4 ./Core/Src/can.o
 .debug_macro   0x00000000000155b2       0x52 ./Core/Src/can.o
 .debug_macro   0x0000000000015604       0x18 ./Core/Src/can.o
 .debug_macro   0x000000000001561c       0x3c ./Core/Src/can.o
 .debug_macro   0x0000000000015658       0x34 ./Core/Src/can.o
 .debug_macro   0x000000000001568c       0x16 ./Core/Src/can.o
 .debug_macro   0x00000000000156a2       0x43 ./Core/Src/can.o
 .debug_macro   0x00000000000156e5       0x34 ./Core/Src/can.o
 .debug_macro   0x0000000000015719       0x10 ./Core/Src/can.o
 .debug_macro   0x0000000000015729       0x58 ./Core/Src/can.o
 .debug_macro   0x0000000000015781       0x71 ./Core/Src/can.o
 .debug_macro   0x00000000000157f2       0x1c ./Core/Src/can.o
 .debug_macro   0x000000000001580e      0x12a ./Core/Src/can.o
 .debug_macro   0x0000000000015938      0x333 ./Core/Src/can.o
 .debug_macro   0x0000000000015c6b       0x10 ./Core/Src/can.o
 .debug_macro   0x0000000000015c7b       0x35 ./Core/Src/can.o
 .debug_macro   0x0000000000015cb0       0x20 ./Core/Src/can.o
 .debug_macro   0x0000000000015cd0      0x1db ./Core/Src/main.o
 .debug_macro   0x0000000000015eab       0xca ./Core/Src/main.o
 .debug_macro   0x0000000000015f75      0x1db ./Core/Src/main.o
 .debug_macro   0x0000000000016150       0x1d ./Core/Src/main.o
 .debug_macro   0x000000000001616d      0x1c9 ./Core/Src/stm32f3xx_hal_msp.o
 .debug_macro   0x0000000000016336      0x1d3 ./Core/Src/stm32f3xx_it.o
 .debug_macro   0x0000000000016509      0x1d3 ./Core/Src/usart.o
 .debug_macro   0x00000000000166dc      0x1c7 ./Drivers/BSP/STM32F3xx_Nucleo_32/stm32f3xx_nucleo_32.o
 .debug_macro   0x00000000000168a3       0x35 ./Drivers/BSP/STM32F3xx_Nucleo_32/stm32f3xx_nucleo_32.o
 .debug_macro   0x00000000000168d8      0x1a0 ./Drivers/CMSIS/system_stm32f3xx.o
 .debug_macro   0x0000000000016a78      0x1be ./Drivers/STM32F3xx_HAL_Driver/stm32f3xx_hal.o
 .debug_macro   0x0000000000016c36      0x1a2 ./Drivers/STM32F3xx_HAL_Driver/stm32f3xx_hal_can.o
 .debug_macro   0x0000000000016dd8      0x19a ./Drivers/STM32F3xx_HAL_Driver/stm32f3xx_hal_cortex.o
 .debug_macro   0x0000000000016f72      0x19a ./Drivers/STM32F3xx_HAL_Driver/stm32f3xx_hal_dma.o
 .debug_macro   0x000000000001710c      0x1d2 ./Drivers/STM32F3xx_HAL_Driver/stm32f3xx_hal_gpio.o
 .debug_macro   0x00000000000172de      0x1be ./Drivers/STM32F3xx_HAL_Driver/stm32f3xx_hal_rcc.o
 .debug_macro   0x000000000001749c      0x1b7 ./Drivers/STM32F3xx_HAL_Driver/stm32f3xx_hal_uart.o
 .debug_macro   0x0000000000017653      0x19a ./Drivers/STM32F3xx_HAL_Driver/stm32f3xx_hal_uart_ex.o

.debug_line     0x0000000000000000     0xbd2e
 .debug_line    0x0000000000000000      0xac5 ./Core/Src/can.o
 .debug_line    0x0000000000000ac5      0x7b2 ./Core/Src/main.o
 .debug_line    0x0000000000001277      0x6b9 ./Core/Src/stm32f3xx_hal_msp.o
 .debug_line    0x0000000000001930      0x7a9 ./Core/Src/stm32f3xx_it.o
 .debug_line    0x00000000000020d9      0xa0a ./Core/Src/usart.o
 .debug_line    0x0000000000002ae3       0x83 ./Core/Startup/startup_stm32f303x8.o
 .debug_line    0x0000000000002b66      0x717 ./Drivers/BSP/STM32F3xx_Nucleo_32/stm32f3xx_nucleo_32.o
 .debug_line    0x000000000000327d      0x73e ./Drivers/CMSIS/system_stm32f3xx.o
 .debug_line    0x00000000000039bb      0x982 ./Drivers/STM32F3xx_HAL_Driver/stm32f3xx_hal.o
 .debug_line    0x000000000000433d     0x1311 ./Drivers/STM32F3xx_HAL_Driver/stm32f3xx_hal_can.o
 .debug_line    0x000000000000564e      0xb07 ./Drivers/STM32F3xx_HAL_Driver/stm32f3xx_hal_cortex.o
 .debug_line    0x0000000000006155      0xe11 ./Drivers/STM32F3xx_HAL_Driver/stm32f3xx_hal_dma.o
 .debug_line    0x0000000000006f66      0xb5c ./Drivers/STM32F3xx_HAL_Driver/stm32f3xx_hal_gpio.o
 .debug_line    0x0000000000007ac2     0x1660 ./Drivers/STM32F3xx_HAL_Driver/stm32f3xx_hal_rcc.o
 .debug_line    0x0000000000009122     0x23e4 ./Drivers/STM32F3xx_HAL_Driver/stm32f3xx_hal_uart.o
 .debug_line    0x000000000000b506      0x828 ./Drivers/STM32F3xx_HAL_Driver/stm32f3xx_hal_uart_ex.o

.debug_str      0x0000000000000000    0x82fb9
 .debug_str     0x0000000000000000    0x80516 ./Core/Src/can.o
                                      0x808df (size before relaxing)
 .debug_str     0x0000000000080516      0xb5f ./Core/Src/main.o
                                      0x7dc4b (size before relaxing)
 .debug_str     0x0000000000081075       0x2c ./Core/Src/stm32f3xx_hal_msp.o
                                      0x7d10f (size before relaxing)
 .debug_str     0x00000000000810a1      0x103 ./Core/Src/stm32f3xx_it.o
                                      0x7d1e3 (size before relaxing)
 .debug_str     0x00000000000811a4       0xf3 ./Core/Src/usart.o
                                      0x7d5e1 (size before relaxing)
 .debug_str     0x0000000000081297       0x34 ./Core/Startup/startup_stm32f303x8.o
                                         0x65 (size before relaxing)
 .debug_str     0x00000000000812cb      0x24e ./Drivers/BSP/STM32F3xx_Nucleo_32/stm32f3xx_nucleo_32.o
                                      0x7c5d3 (size before relaxing)
 .debug_str     0x0000000000081519       0xcc ./Drivers/CMSIS/system_stm32f3xx.o
                                      0x7c24e (size before relaxing)
 .debug_str     0x00000000000815e5      0x3f5 ./Drivers/STM32F3xx_HAL_Driver/stm32f3xx_hal.o
                                      0x7c8c4 (size before relaxing)
 .debug_str     0x00000000000819da      0x3c1 ./Drivers/STM32F3xx_HAL_Driver/stm32f3xx_hal_can.o
                                      0x7c9e4 (size before relaxing)
 .debug_str     0x0000000000081d9b      0x230 ./Drivers/STM32F3xx_HAL_Driver/stm32f3xx_hal_cortex.o
                                      0x7c860 (size before relaxing)
 .debug_str     0x0000000000081fcb      0x21a ./Drivers/STM32F3xx_HAL_Driver/stm32f3xx_hal_dma.o
                                      0x7c5b7 (size before relaxing)
 .debug_str     0x00000000000821e5      0x231 ./Drivers/STM32F3xx_HAL_Driver/stm32f3xx_hal_gpio.o
                                      0x7c509 (size before relaxing)
 .debug_str     0x0000000000082416      0x2d3 ./Drivers/STM32F3xx_HAL_Driver/stm32f3xx_hal_rcc.o
                                      0x7c6c6 (size before relaxing)
 .debug_str     0x00000000000826e9      0x785 ./Drivers/STM32F3xx_HAL_Driver/stm32f3xx_hal_uart.o
                                      0x7cea8 (size before relaxing)
 .debug_str     0x0000000000082e6e      0x14b ./Drivers/STM32F3xx_HAL_Driver/stm32f3xx_hal_uart_ex.o
                                      0x7c739 (size before relaxing)

.comment        0x0000000000000000       0x53
 .comment       0x0000000000000000       0x53 ./Core/Src/can.o
                                         0x54 (size before relaxing)
 .comment       0x0000000000000053       0x54 ./Core/Src/main.o
 .comment       0x0000000000000053       0x54 ./Core/Src/stm32f3xx_hal_msp.o
 .comment       0x0000000000000053       0x54 ./Core/Src/stm32f3xx_it.o
 .comment       0x0000000000000053       0x54 ./Core/Src/usart.o
 .comment       0x0000000000000053       0x54 ./Drivers/BSP/STM32F3xx_Nucleo_32/stm32f3xx_nucleo_32.o
 .comment       0x0000000000000053       0x54 ./Drivers/CMSIS/system_stm32f3xx.o
 .comment       0x0000000000000053       0x54 ./Drivers/STM32F3xx_HAL_Driver/stm32f3xx_hal.o
 .comment       0x0000000000000053       0x54 ./Drivers/STM32F3xx_HAL_Driver/stm32f3xx_hal_can.o
 .comment       0x0000000000000053       0x54 ./Drivers/STM32F3xx_HAL_Driver/stm32f3xx_hal_cortex.o
 .comment       0x0000000000000053       0x54 ./Drivers/STM32F3xx_HAL_Driver/stm32f3xx_hal_dma.o
 .comment       0x0000000000000053       0x54 ./Drivers/STM32F3xx_HAL_Driver/stm32f3xx_hal_gpio.o
 .comment       0x0000000000000053       0x54 ./Drivers/STM32F3xx_HAL_Driver/stm32f3xx_hal_rcc.o
 .comment       0x0000000000000053       0x54 ./Drivers/STM32F3xx_HAL_Driver/stm32f3xx_hal_uart.o
 .comment       0x0000000000000053       0x54 ./Drivers/STM32F3xx_HAL_Driver/stm32f3xx_hal_uart_ex.o

.debug_frame    0x0000000000000000     0x12fc
 .debug_frame   0x0000000000000000       0x9c ./Core/Src/can.o
 .debug_frame   0x000000000000009c       0x58 ./Core/Src/main.o
 .debug_frame   0x00000000000000f4       0x28 ./Core/Src/stm32f3xx_hal_msp.o
 .debug_frame   0x000000000000011c       0xe0 ./Core/Src/stm32f3xx_it.o
 .debug_frame   0x00000000000001fc       0xc8 ./Core/Src/usart.o
 .debug_frame   0x00000000000002c4       0x74 ./Drivers/BSP/STM32F3xx_Nucleo_32/stm32f3xx_nucleo_32.o
 .debug_frame   0x0000000000000338       0x38 ./Drivers/CMSIS/system_stm32f3xx.o
 .debug_frame   0x0000000000000370      0x1d4 ./Drivers/STM32F3xx_HAL_Driver/stm32f3xx_hal.o
 .debug_frame   0x0000000000000544      0x2cc ./Drivers/STM32F3xx_HAL_Driver/stm32f3xx_hal_can.o
 .debug_frame   0x0000000000000810      0x120 ./Drivers/STM32F3xx_HAL_Driver/stm32f3xx_hal_cortex.o
 .debug_frame   0x0000000000000930      0x134 ./Drivers/STM32F3xx_HAL_Driver/stm32f3xx_hal_dma.o
 .debug_frame   0x0000000000000a64       0xd4 ./Drivers/STM32F3xx_HAL_Driver/stm32f3xx_hal_gpio.o
 .debug_frame   0x0000000000000b38      0x150 ./Drivers/STM32F3xx_HAL_Driver/stm32f3xx_hal_rcc.o
 .debug_frame   0x0000000000000c88      0x58c ./Drivers/STM32F3xx_HAL_Driver/stm32f3xx_hal_uart.o
 .debug_frame   0x0000000000001214       0x9c ./Drivers/STM32F3xx_HAL_Driver/stm32f3xx_hal_uart_ex.o
 .debug_frame   0x00000000000012b0       0x2c c:/st/stm32cubeide_1.8.0/stm32cubeide/plugins/com.st.stm32cube.ide.mcu.externaltools.gnu-tools-for-stm32.9-2020-q2-update.win32_2.0.0.202105311346/tools/bin/../lib/gcc/arm-none-eabi/9.3.1/../../../../arm-none-eabi/lib/thumb/v7e-m+fp/hard\libc_nano.a(lib_a-init.o)
 .debug_frame   0x00000000000012dc       0x20 c:/st/stm32cubeide_1.8.0/stm32cubeide/plugins/com.st.stm32cube.ide.mcu.externaltools.gnu-tools-for-stm32.9-2020-q2-update.win32_2.0.0.202105311346/tools/bin/../lib/gcc/arm-none-eabi/9.3.1/../../../../arm-none-eabi/lib/thumb/v7e-m+fp/hard\libc_nano.a(lib_a-memset.o)
